running egg_info
creating ../../build/yolobot/yolobot.egg-info
writing ../../build/yolobot/yolobot.egg-info/PKG-INFO
writing dependency_links to ../../build/yolobot/yolobot.egg-info/dependency_links.txt
writing entry points to ../../build/yolobot/yolobot.egg-info/entry_points.txt
writing requirements to ../../build/yolobot/yolobot.egg-info/requires.txt
writing top-level names to ../../build/yolobot/yolobot.egg-info/top_level.txt
writing manifest file '../../build/yolobot/yolobot.egg-info/SOURCES.txt'
reading manifest file '../../build/yolobot/yolobot.egg-info/SOURCES.txt'
writing manifest file '../../build/yolobot/yolobot.egg-info/SOURCES.txt'
running build
running build_py
creating /home/ros2-kev/Dev/img_det_ros2_ws/build/yolobot/build
creating /home/ros2-kev/Dev/img_det_ros2_ws/build/yolobot/build/lib
creating /home/ros2-kev/Dev/img_det_ros2_ws/build/yolobot/build/lib/yolobot
copying yolobot/yolo_basic.py -> /home/ros2-kev/Dev/img_det_ros2_ws/build/yolobot/build/lib/yolobot
copying yolobot/target_gen.py -> /home/ros2-kev/Dev/img_det_ros2_ws/build/yolobot/build/lib/yolobot
copying yolobot/person_follow.py -> /home/ros2-kev/Dev/img_det_ros2_ws/build/yolobot/build/lib/yolobot
copying yolobot/obj_loc.py -> /home/ros2-kev/Dev/img_det_ros2_ws/build/yolobot/build/lib/yolobot
copying yolobot/yolo_viz.py -> /home/ros2-kev/Dev/img_det_ros2_ws/build/yolobot/build/lib/yolobot
copying yolobot/yolo_detect.py -> /home/ros2-kev/Dev/img_det_ros2_ws/build/yolobot/build/lib/yolobot
copying yolobot/__init__.py -> /home/ros2-kev/Dev/img_det_ros2_ws/build/yolobot/build/lib/yolobot
running install
running install_lib
creating /home/ros2-kev/Dev/img_det_ros2_ws/install/yolobot/lib/python3.10/site-packages/yolobot
copying /home/ros2-kev/Dev/img_det_ros2_ws/build/yolobot/build/lib/yolobot/yolo_basic.py -> /home/ros2-kev/Dev/img_det_ros2_ws/install/yolobot/lib/python3.10/site-packages/yolobot
copying /home/ros2-kev/Dev/img_det_ros2_ws/build/yolobot/build/lib/yolobot/target_gen.py -> /home/ros2-kev/Dev/img_det_ros2_ws/install/yolobot/lib/python3.10/site-packages/yolobot
copying /home/ros2-kev/Dev/img_det_ros2_ws/build/yolobot/build/lib/yolobot/person_follow.py -> /home/ros2-kev/Dev/img_det_ros2_ws/install/yolobot/lib/python3.10/site-packages/yolobot
copying /home/ros2-kev/Dev/img_det_ros2_ws/build/yolobot/build/lib/yolobot/obj_loc.py -> /home/ros2-kev/Dev/img_det_ros2_ws/install/yolobot/lib/python3.10/site-packages/yolobot
copying /home/ros2-kev/Dev/img_det_ros2_ws/build/yolobot/build/lib/yolobot/yolo_viz.py -> /home/ros2-kev/Dev/img_det_ros2_ws/install/yolobot/lib/python3.10/site-packages/yolobot
copying /home/ros2-kev/Dev/img_det_ros2_ws/build/yolobot/build/lib/yolobot/yolo_detect.py -> /home/ros2-kev/Dev/img_det_ros2_ws/install/yolobot/lib/python3.10/site-packages/yolobot
copying /home/ros2-kev/Dev/img_det_ros2_ws/build/yolobot/build/lib/yolobot/__init__.py -> /home/ros2-kev/Dev/img_det_ros2_ws/install/yolobot/lib/python3.10/site-packages/yolobot
byte-compiling /home/ros2-kev/Dev/img_det_ros2_ws/install/yolobot/lib/python3.10/site-packages/yolobot/yolo_basic.py to yolo_basic.cpython-310.pyc
byte-compiling /home/ros2-kev/Dev/img_det_ros2_ws/install/yolobot/lib/python3.10/site-packages/yolobot/target_gen.py to target_gen.cpython-310.pyc
byte-compiling /home/ros2-kev/Dev/img_det_ros2_ws/install/yolobot/lib/python3.10/site-packages/yolobot/person_follow.py to person_follow.cpython-310.pyc
byte-compiling /home/ros2-kev/Dev/img_det_ros2_ws/install/yolobot/lib/python3.10/site-packages/yolobot/obj_loc.py to obj_loc.cpython-310.pyc
byte-compiling /home/ros2-kev/Dev/img_det_ros2_ws/install/yolobot/lib/python3.10/site-packages/yolobot/yolo_viz.py to yolo_viz.cpython-310.pyc
byte-compiling /home/ros2-kev/Dev/img_det_ros2_ws/install/yolobot/lib/python3.10/site-packages/yolobot/yolo_detect.py to yolo_detect.cpython-310.pyc
byte-compiling /home/ros2-kev/Dev/img_det_ros2_ws/install/yolobot/lib/python3.10/site-packages/yolobot/__init__.py to __init__.cpython-310.pyc
running install_data
creating /home/ros2-kev/Dev/img_det_ros2_ws/install/yolobot/share/ament_index
creating /home/ros2-kev/Dev/img_det_ros2_ws/install/yolobot/share/ament_index/resource_index
creating /home/ros2-kev/Dev/img_det_ros2_ws/install/yolobot/share/ament_index/resource_index/packages
copying resource/yolobot -> /home/ros2-kev/Dev/img_det_ros2_ws/install/yolobot/share/ament_index/resource_index/packages
copying package.xml -> /home/ros2-kev/Dev/img_det_ros2_ws/install/yolobot/share/yolobot
creating /home/ros2-kev/Dev/img_det_ros2_ws/install/yolobot/share/yolobot/models
copying models/yolov8s.pt -> /home/ros2-kev/Dev/img_det_ros2_ws/install/yolobot/share/yolobot/models
running install_egg_info
Copying ../../build/yolobot/yolobot.egg-info to /home/ros2-kev/Dev/img_det_ros2_ws/install/yolobot/lib/python3.10/site-packages/yolobot-0.0.0-py3.10.egg-info
running install_scripts
Installing obj_loc script to /home/ros2-kev/Dev/img_det_ros2_ws/install/yolobot/lib/yolobot
Installing person_follow script to /home/ros2-kev/Dev/img_det_ros2_ws/install/yolobot/lib/yolobot
Installing target_gen script to /home/ros2-kev/Dev/img_det_ros2_ws/install/yolobot/lib/yolobot
Installing yolo_basic script to /home/ros2-kev/Dev/img_det_ros2_ws/install/yolobot/lib/yolobot
Installing yolo_detect script to /home/ros2-kev/Dev/img_det_ros2_ws/install/yolobot/lib/yolobot
Installing yolo_viz script to /home/ros2-kev/Dev/img_det_ros2_ws/install/yolobot/lib/yolobot
writing list of installed files to '/home/ros2-kev/Dev/img_det_ros2_ws/build/yolobot/install.log'
