[0.345s] Invoking command in '/home/ros2-kev/Dev/img_det_ros2_ws/src/yolobot': PS1=(yolobot_venv) \[\e]0;\u@\h: \w\a\]${debian_chroot:+($debian_chroot)}\[\033[01;32m\]\u@\h\[\033[00m\]:\[\033[01;34m\]\w\[\033[00m\]\$ PYTHONPATH=/home/ros2-kev/Dev/img_det_ros2_ws/build/yolobot/prefix_override:/usr/lib/python3/dist-packages/colcon_core/task/python/colcon_distutils_commands:/home/ros2-kev/Dev/img_det_ros2_ws/install/yolobot/lib/python3.10/site-packages:${PYTHONPATH} VIRTUAL_ENV_PROMPT=(yolobot_venv) /usr/bin/python3 -W ignore:setup.py install is deprecated -W ignore:easy_install command is deprecated setup.py egg_info --egg-base ../../build/yolobot build --build-base /home/ros2-kev/Dev/img_det_ros2_ws/build/yolobot/build install --record /home/ros2-kev/Dev/img_det_ros2_ws/build/yolobot/install.log --single-version-externally-managed install_data
[0.482s] running egg_info
[0.482s] creating ../../build/yolobot/yolobot.egg-info
[0.482s] writing ../../build/yolobot/yolobot.egg-info/PKG-INFO
[0.482s] writing dependency_links to ../../build/yolobot/yolobot.egg-info/dependency_links.txt
[0.482s] writing entry points to ../../build/yolobot/yolobot.egg-info/entry_points.txt
[0.482s] writing requirements to ../../build/yolobot/yolobot.egg-info/requires.txt
[0.482s] writing top-level names to ../../build/yolobot/yolobot.egg-info/top_level.txt
[0.482s] writing manifest file '../../build/yolobot/yolobot.egg-info/SOURCES.txt'
[0.483s] reading manifest file '../../build/yolobot/yolobot.egg-info/SOURCES.txt'
[0.483s] writing manifest file '../../build/yolobot/yolobot.egg-info/SOURCES.txt'
[0.483s] running build
[0.483s] running build_py
[0.483s] creating /home/ros2-kev/Dev/img_det_ros2_ws/build/yolobot/build
[0.483s] creating /home/ros2-kev/Dev/img_det_ros2_ws/build/yolobot/build/lib
[0.483s] creating /home/ros2-kev/Dev/img_det_ros2_ws/build/yolobot/build/lib/yolobot
[0.484s] copying yolobot/yolo_basic.py -> /home/ros2-kev/Dev/img_det_ros2_ws/build/yolobot/build/lib/yolobot
[0.484s] copying yolobot/target_gen.py -> /home/ros2-kev/Dev/img_det_ros2_ws/build/yolobot/build/lib/yolobot
[0.484s] copying yolobot/person_follow.py -> /home/ros2-kev/Dev/img_det_ros2_ws/build/yolobot/build/lib/yolobot
[0.484s] copying yolobot/obj_loc.py -> /home/ros2-kev/Dev/img_det_ros2_ws/build/yolobot/build/lib/yolobot
[0.484s] copying yolobot/yolo_viz.py -> /home/ros2-kev/Dev/img_det_ros2_ws/build/yolobot/build/lib/yolobot
[0.484s] copying yolobot/yolo_detect.py -> /home/ros2-kev/Dev/img_det_ros2_ws/build/yolobot/build/lib/yolobot
[0.484s] copying yolobot/__init__.py -> /home/ros2-kev/Dev/img_det_ros2_ws/build/yolobot/build/lib/yolobot
[0.484s] running install
[0.484s] running install_lib
[0.484s] creating /home/ros2-kev/Dev/img_det_ros2_ws/install/yolobot/lib/python3.10/site-packages/yolobot
[0.484s] copying /home/ros2-kev/Dev/img_det_ros2_ws/build/yolobot/build/lib/yolobot/yolo_basic.py -> /home/ros2-kev/Dev/img_det_ros2_ws/install/yolobot/lib/python3.10/site-packages/yolobot
[0.485s] copying /home/ros2-kev/Dev/img_det_ros2_ws/build/yolobot/build/lib/yolobot/target_gen.py -> /home/ros2-kev/Dev/img_det_ros2_ws/install/yolobot/lib/python3.10/site-packages/yolobot
[0.485s] copying /home/ros2-kev/Dev/img_det_ros2_ws/build/yolobot/build/lib/yolobot/person_follow.py -> /home/ros2-kev/Dev/img_det_ros2_ws/install/yolobot/lib/python3.10/site-packages/yolobot
[0.485s] copying /home/ros2-kev/Dev/img_det_ros2_ws/build/yolobot/build/lib/yolobot/obj_loc.py -> /home/ros2-kev/Dev/img_det_ros2_ws/install/yolobot/lib/python3.10/site-packages/yolobot
[0.485s] copying /home/ros2-kev/Dev/img_det_ros2_ws/build/yolobot/build/lib/yolobot/yolo_viz.py -> /home/ros2-kev/Dev/img_det_ros2_ws/install/yolobot/lib/python3.10/site-packages/yolobot
[0.485s] copying /home/ros2-kev/Dev/img_det_ros2_ws/build/yolobot/build/lib/yolobot/yolo_detect.py -> /home/ros2-kev/Dev/img_det_ros2_ws/install/yolobot/lib/python3.10/site-packages/yolobot
[0.485s] copying /home/ros2-kev/Dev/img_det_ros2_ws/build/yolobot/build/lib/yolobot/__init__.py -> /home/ros2-kev/Dev/img_det_ros2_ws/install/yolobot/lib/python3.10/site-packages/yolobot
[0.485s] byte-compiling /home/ros2-kev/Dev/img_det_ros2_ws/install/yolobot/lib/python3.10/site-packages/yolobot/yolo_basic.py to yolo_basic.cpython-310.pyc
[0.485s] byte-compiling /home/ros2-kev/Dev/img_det_ros2_ws/install/yolobot/lib/python3.10/site-packages/yolobot/target_gen.py to target_gen.cpython-310.pyc
[0.486s] byte-compiling /home/ros2-kev/Dev/img_det_ros2_ws/install/yolobot/lib/python3.10/site-packages/yolobot/person_follow.py to person_follow.cpython-310.pyc
[0.486s] byte-compiling /home/ros2-kev/Dev/img_det_ros2_ws/install/yolobot/lib/python3.10/site-packages/yolobot/obj_loc.py to obj_loc.cpython-310.pyc
[0.487s] byte-compiling /home/ros2-kev/Dev/img_det_ros2_ws/install/yolobot/lib/python3.10/site-packages/yolobot/yolo_viz.py to yolo_viz.cpython-310.pyc
[0.487s] byte-compiling /home/ros2-kev/Dev/img_det_ros2_ws/install/yolobot/lib/python3.10/site-packages/yolobot/yolo_detect.py to yolo_detect.cpython-310.pyc
[0.487s] byte-compiling /home/ros2-kev/Dev/img_det_ros2_ws/install/yolobot/lib/python3.10/site-packages/yolobot/__init__.py to __init__.cpython-310.pyc
[0.487s] running install_data
[0.487s] creating /home/ros2-kev/Dev/img_det_ros2_ws/install/yolobot/share/ament_index
[0.487s] creating /home/ros2-kev/Dev/img_det_ros2_ws/install/yolobot/share/ament_index/resource_index
[0.487s] creating /home/ros2-kev/Dev/img_det_ros2_ws/install/yolobot/share/ament_index/resource_index/packages
[0.487s] copying resource/yolobot -> /home/ros2-kev/Dev/img_det_ros2_ws/install/yolobot/share/ament_index/resource_index/packages
[0.488s] copying package.xml -> /home/ros2-kev/Dev/img_det_ros2_ws/install/yolobot/share/yolobot
[0.488s] creating /home/ros2-kev/Dev/img_det_ros2_ws/install/yolobot/share/yolobot/models
[0.488s] copying models/yolov8s.pt -> /home/ros2-kev/Dev/img_det_ros2_ws/install/yolobot/share/yolobot/models
[0.503s] running install_egg_info
[0.504s] Copying ../../build/yolobot/yolobot.egg-info to /home/ros2-kev/Dev/img_det_ros2_ws/install/yolobot/lib/python3.10/site-packages/yolobot-0.0.0-py3.10.egg-info
[0.504s] running install_scripts
[0.515s] Installing obj_loc script to /home/ros2-kev/Dev/img_det_ros2_ws/install/yolobot/lib/yolobot
[0.515s] Installing person_follow script to /home/ros2-kev/Dev/img_det_ros2_ws/install/yolobot/lib/yolobot
[0.515s] Installing target_gen script to /home/ros2-kev/Dev/img_det_ros2_ws/install/yolobot/lib/yolobot
[0.515s] Installing yolo_basic script to /home/ros2-kev/Dev/img_det_ros2_ws/install/yolobot/lib/yolobot
[0.515s] Installing yolo_detect script to /home/ros2-kev/Dev/img_det_ros2_ws/install/yolobot/lib/yolobot
[0.516s] Installing yolo_viz script to /home/ros2-kev/Dev/img_det_ros2_ws/install/yolobot/lib/yolobot
[0.516s] writing list of installed files to '/home/ros2-kev/Dev/img_det_ros2_ws/build/yolobot/install.log'
[0.531s] Invoked command in '/home/ros2-kev/Dev/img_det_ros2_ws/src/yolobot' returned '0': PS1=(yolobot_venv) \[\e]0;\u@\h: \w\a\]${debian_chroot:+($debian_chroot)}\[\033[01;32m\]\u@\h\[\033[00m\]:\[\033[01;34m\]\w\[\033[00m\]\$ PYTHONPATH=/home/ros2-kev/Dev/img_det_ros2_ws/build/yolobot/prefix_override:/usr/lib/python3/dist-packages/colcon_core/task/python/colcon_distutils_commands:/home/ros2-kev/Dev/img_det_ros2_ws/install/yolobot/lib/python3.10/site-packages:${PYTHONPATH} VIRTUAL_ENV_PROMPT=(yolobot_venv) /usr/bin/python3 -W ignore:setup.py install is deprecated -W ignore:easy_install command is deprecated setup.py egg_info --egg-base ../../build/yolobot build --build-base /home/ros2-kev/Dev/img_det_ros2_ws/build/yolobot/build install --record /home/ros2-kev/Dev/img_det_ros2_ws/build/yolobot/install.log --single-version-externally-managed install_data
