/home/ros2-kev/Dev/img_det_ros2_ws/install/yolobot/lib/python3.10/site-packages/yolobot/yolo_basic.py
/home/ros2-kev/Dev/img_det_ros2_ws/install/yolobot/lib/python3.10/site-packages/yolobot/target_gen.py
/home/ros2-kev/Dev/img_det_ros2_ws/install/yolobot/lib/python3.10/site-packages/yolobot/person_follow.py
/home/ros2-kev/Dev/img_det_ros2_ws/install/yolobot/lib/python3.10/site-packages/yolobot/obj_loc.py
/home/ros2-kev/Dev/img_det_ros2_ws/install/yolobot/lib/python3.10/site-packages/yolobot/yolo_viz.py
/home/ros2-kev/Dev/img_det_ros2_ws/install/yolobot/lib/python3.10/site-packages/yolobot/yolo_detect.py
/home/ros2-kev/Dev/img_det_ros2_ws/install/yolobot/lib/python3.10/site-packages/yolobot/__init__.py
/home/ros2-kev/Dev/img_det_ros2_ws/install/yolobot/lib/python3.10/site-packages/yolobot/__pycache__/yolo_basic.cpython-310.pyc
/home/ros2-kev/Dev/img_det_ros2_ws/install/yolobot/lib/python3.10/site-packages/yolobot/__pycache__/target_gen.cpython-310.pyc
/home/ros2-kev/Dev/img_det_ros2_ws/install/yolobot/lib/python3.10/site-packages/yolobot/__pycache__/person_follow.cpython-310.pyc
/home/ros2-kev/Dev/img_det_ros2_ws/install/yolobot/lib/python3.10/site-packages/yolobot/__pycache__/obj_loc.cpython-310.pyc
/home/ros2-kev/Dev/img_det_ros2_ws/install/yolobot/lib/python3.10/site-packages/yolobot/__pycache__/yolo_viz.cpython-310.pyc
/home/ros2-kev/Dev/img_det_ros2_ws/install/yolobot/lib/python3.10/site-packages/yolobot/__pycache__/yolo_detect.cpython-310.pyc
/home/ros2-kev/Dev/img_det_ros2_ws/install/yolobot/lib/python3.10/site-packages/yolobot/__pycache__/__init__.cpython-310.pyc
/home/ros2-kev/Dev/img_det_ros2_ws/install/yolobot/share/ament_index/resource_index/packages/yolobot
/home/ros2-kev/Dev/img_det_ros2_ws/install/yolobot/share/yolobot/package.xml
/home/ros2-kev/Dev/img_det_ros2_ws/install/yolobot/share/yolobot/models/yolov8s.pt
/home/ros2-kev/Dev/img_det_ros2_ws/install/yolobot/lib/python3.10/site-packages/yolobot-0.0.0-py3.10.egg-info/SOURCES.txt
/home/ros2-kev/Dev/img_det_ros2_ws/install/yolobot/lib/python3.10/site-packages/yolobot-0.0.0-py3.10.egg-info/dependency_links.txt
/home/ros2-kev/Dev/img_det_ros2_ws/install/yolobot/lib/python3.10/site-packages/yolobot-0.0.0-py3.10.egg-info/entry_points.txt
/home/ros2-kev/Dev/img_det_ros2_ws/install/yolobot/lib/python3.10/site-packages/yolobot-0.0.0-py3.10.egg-info/zip-safe
/home/ros2-kev/Dev/img_det_ros2_ws/install/yolobot/lib/python3.10/site-packages/yolobot-0.0.0-py3.10.egg-info/top_level.txt
/home/ros2-kev/Dev/img_det_ros2_ws/install/yolobot/lib/python3.10/site-packages/yolobot-0.0.0-py3.10.egg-info/requires.txt
/home/ros2-kev/Dev/img_det_ros2_ws/install/yolobot/lib/python3.10/site-packages/yolobot-0.0.0-py3.10.egg-info/PKG-INFO
/home/ros2-kev/Dev/img_det_ros2_ws/install/yolobot/lib/yolobot/obj_loc
/home/ros2-kev/Dev/img_det_ros2_ws/install/yolobot/lib/yolobot/person_follow
/home/ros2-kev/Dev/img_det_ros2_ws/install/yolobot/lib/yolobot/target_gen
/home/ros2-kev/Dev/img_det_ros2_ws/install/yolobot/lib/yolobot/yolo_basic
/home/ros2-kev/Dev/img_det_ros2_ws/install/yolobot/lib/yolobot/yolo_detect
/home/ros2-kev/Dev/img_det_ros2_ws/install/yolobot/lib/yolobot/yolo_viz
